- heading "Wikipedia The Free Encyclopedia" [level=1, ref=e4]
- navigation "Top languages" [ref=e1]
  - link "English 7,189,000+ articles" [ref=e8]
  - link "日本語 1,503,000+ 記事" [ref=e9]
  - link "Deutsch 3.125.000+ Artikel" [ref=e10]
  - link "Русский 2103000+ статей" [ref=e11]
  - link "Français 2 761 000+ articles" [ref=e12]
  - link "Español 2.116.000+ artículos" [ref=e13]
  - link "中文 1,537,000+ 条目 / 條目" [ref=e14]
  - link "Italiano 1.971.000+ voci" [ref=e15]
  - link "Polski 1696000+ haseł" [ref=e16]
  - link "Português 1.173.000+ artigos" [ref=e17]
- searchbox "Search Wikipedia" [ref=e34]
- combobox "EN" [expanded=false, ref=e37]: English
  - option "Afrikaans" [ref=e38]
  - option "Shqip" [ref=e39]
  - option "العربية" [ref=e40]
  - option "Asturianu" [ref=e41]
  - option "Azərbaycanca" [ref=e42]
  - option "Български" [ref=e43]
  - option "閩南語 / Bân-lâm-gú" [ref=e44]
  - option "বাংলা" [ref=e45]
  - option "Беларуская" [ref=e46]
  - option "Català" [ref=e47]
  - option "Čeština" [ref=e48]
  - option "Cymraeg" [ref=e49]
  - option "Dansk" [ref=e50]
  - option "Deutsch" [ref=e51]
  - option "Eesti" [ref=e52]
  - option "Ελληνικά" [ref=e53]
  - option "English" [selected, ref=e54]
  - option "Español" [ref=e55]
  - option "Esperanto" [ref=e56]
  - option "Euskara" [ref=e57]
  - option "فارسی" [ref=e58]
  - option "Français" [ref=e59]
  - option "Galego" [ref=e60]
  - option "한국어" [ref=e61]
  - option "Hausa" [ref=e62]
  - option "Հայերեն" [ref=e63]
  - option "हिन्दी" [ref=e64]
  - option "Hrvatski" [ref=e65]
  - option "Bahasa Indonesia" [ref=e66]
  - option "Italiano" [ref=e67]
  - option "עברית" [ref=e68]
  - option "ქართული" [ref=e69]
  - option "Ladin" [ref=e70]
  - option "Latina" [ref=e71]
  - option "Latviešu" [ref=e72]
  - option "Lietuvių" [ref=e73]
  - option "Magyar" [ref=e74]
  - option "Македонски" [ref=e75]
  - option "Malagasy" [ref=e76]
  - option "मराठी" [ref=e77]
  - option "مصرى" [ref=e78]
  - option "Bahasa Melayu" [ref=e79]
  - option "Bahaso Minangkabau" [ref=e80]
  - option "မြန်မာဘာသာ" [ref=e81]
  - option "Nederlands" [ref=e82]
  - option "日本語" [ref=e83]
  - option "Norsk (bokmål)" [ref=e84]
  - option "Norsk (nynorsk)" [ref=e85]
  - option "Нохчийн" [ref=e86]
  - option "Oʻzbekcha / Ўзбекча" [ref=e87]
  - option "Polski" [ref=e88]
  - option "Português" [ref=e89]
  - option "Қазақша / Qazaqşa / قازاقشا" [ref=e90]
  - option "Română" [ref=e91]
  - option "Simple English" [ref=e92]
  - option "Sinugboanong Binisaya" [ref=e93]
  - option "Slovenčina" [ref=e94]
  - option "Slovenščina" [ref=e95]
  - option "Српски / Srpski" [ref=e96]
  - option "Srpskohrvatski / Српскохрватски" [ref=e97]
  - option "Suomi" [ref=e98]
  - option "Svenska" [ref=e99]
  - option "Kiswahili" [ref=e100]
  - option "தமிழ்" [ref=e101]
  - option "Татарча / Tatarça" [ref=e102]
  - option "తెలుగు" [ref=e103]
  - option "ภาษาไทย" [ref=e104]
  - option "Тоҷикӣ" [ref=e105]
  - option "تۆرکجه" [ref=e106]
  - option "Türkçe" [ref=e107]
  - option "Українська" [ref=e108]
  - option "اردو" [ref=e109]
  - option "Tiếng Việt" [ref=e110]
  - option "Winaray" [ref=e111]
  - option "中文" [ref=e112]
  - option "Русский" [ref=e113]
  - option "粵語" [ref=e114]
- button "Search" [ref=e32]
- navigation "All languages" [ref=e2]
  - button "Read Wikipedia in your language " [expanded=false, ref=e18]
- link "You can support our work with a donation." [ref=e19]
- link "Download Wikipedia for Android or iOS" [ref=e33]
- link "Google Play Store" [ref=e35]
- link "Apple App Store" [ref=e36]
- navigation "Other projects" [ref=e3]
  - link "Commons Free media collection" [ref=e20]
  - link "Wikivoyage Free travel guide" [ref=e21]
  - link "Wiktionary Free dictionary" [ref=e22]
  - link "Wikibooks Free textbooks" [ref=e23]
  - link "Wikidata Free knowledge base" [ref=e24]
  - link "Wikiversity Free learning resources" [ref=e25]
  - link "Wikiquote Free quote compendium" [ref=e26]
  - link "MediaWiki Free & open wiki software" [ref=e27]
  - link "Wikisource Free content library" [ref=e28]
  - link "Wikispecies Free species directory" [ref=e29]
  - link "Wikifunctions Free function library" [ref=e30]
  - link "Meta-Wiki Community coordination & documentation" [ref=e31]
- link "Creative Commons Attribution-ShareAlike License" [ref=e5]
- link "Terms of Use" [ref=e6]
- link "Privacy Policy" [ref=e7]
