- link "Learn about DuckDuckGo" [ref=e4]
- combobox "Search with DuckDuckGo" [expanded=false, required, ref=e146]
- generic "SearchAsk AI" [ref=e126] focusable [tabindex]
  - LabelText "Search" [ref=e147] clickable [cursor:pointer]
    - radio "Search Search" [checked=true, ref=e149]
    - button "Search" [ref=e151]
  - LabelText "Ask AI" [ref=e148] clickable [cursor:pointer]
    - radio "Ask AI Ask AI" [checked=false, ref=e150]
    - button "Ask AI" [ref=e152]
- link "Duck.ai" [ref=e5]
- navigation "navigation" [ref=e6]
  - button "Menu" [expanded=false, ref=e103]
- heading "Switch to DuckDuckGo. It’s private and free!" [level=1, ref=e1]
- link "Set As Default Search" [ref=e30]
- link "Download Browser" [ref=e31]
- button "AI Settings" [expanded=false, ref=e2]
- button "Scroll down to learn more" [ref=e7]
- heading "Discover more from DuckDuckGo." [level=2, ref=e3]
- button "Private Search" [ref=e8]
- button "Duck.ai" [ref=e9]
- button "Subscription" [ref=e10]
- button "Email" [ref=e11]
- heading "The browser that actively protects your personal information." [level=1, ref=e127]
- link "Download DuckDuckGo for Windows" [ref=e128]
- link "Download from Microsoft Store" [ref=e129]
- button "Protection Shield Evade scams & data-hungry companies PROTECTION" [ref=e12]
- button "Cookie Block most ads & cookie pop-ups PRIVACY" [ref=e13]
- button "Mask Search & chat without being tracked PEACE OF MIND" [ref=e14]
- heading "See how DuckDuckGo compares." [level=2, ref=e15]
- tab "Chrome" [selected, ref=e32]
- tab "Edge" [ref=e33]
- tab "Safari" [ref=e34]
- tab "Firefox" [ref=e35]
- tab "Brave" [ref=e36]
- columnheader "Feature" [ref=e104]
- columnheader "Chrome" [ref=e105]
- columnheader "DuckDuckGo" [ref=e106]
- cell "Search privately by default" [ref=e82]
  - generic "Search privately by default" [ref=e107] focusable [tabindex]
- cell "Chat privately with popular AI chatbots (optional)" [ref=e83]
  - generic "Chat privately with popular AI chatbots (optional)" [ref=e108] focusable [tabindex]
- cell "Blocks 3rd-party trackers from Facebook, Google, and others" [ref=e84]
  - generic "Blocks 3rd-party trackers from Facebook, Google, and others" [ref=e109] focusable [tabindex]
- cell "Blocks targeted ads" [ref=e85]
  - generic "Blocks targeted ads" [ref=e110] focusable [tabindex]
- cell "Blocks cookie pop-ups" [ref=e86]
  - generic "Blocks cookie pop-ups" [ref=e111] focusable [tabindex]
- cell "Watch YouTube videos without ads" [ref=e87]
  - generic "Watch YouTube videos without ads" [ref=e112] focusable [tabindex]
- cell "Securely manages passwords" [ref=e88]
  - generic "Securely manages passwords" [ref=e113] focusable [tabindex]
- cell "Blocks email trackers" [ref=e89]
  - generic "Blocks email trackers" [ref=e114] focusable [tabindex]
- cell "Deletes browsing data with one button" [ref=e90]
  - generic "Deletes browsing data with one button" [ref=e115] focusable [tabindex]
- cell "Removes personal details from sites that sell them" [ref=e91]
  - generic "Removes personal details from sites that sell them" [ref=e116] focusable [tabindex]
- generic [ref=e117] focusable [tabindex]
- cell "Helps restore your identity" [ref=e92]
  - generic "Helps restore your identity" [ref=e118] focusable [tabindex]
- generic [ref=e119] focusable [tabindex]
- cell "Protects your connection with a VPN" [ref=e93]
  - generic "Protects your connection with a VPN" [ref=e120] focusable [tabindex]
- generic [ref=e121] focusable [tabindex]
- link "Download DuckDuckGo for Windows" [ref=e16]
- link "Compare More Protections" [ref=e17]
- heading "Protection. Privacy. Peace of mind. Get the browser built for data protection, not data collection." [level=3, ref=e18]
- link "Windows" [ref=e19]
- link "Mac" [ref=e20]
- link "Android" [ref=e21]
- link "iOS" [ref=e22]
- heading "Take back control of your personal information." [level=3, ref=e37]
- button "Goodbye Incognito mode, hello real privacy in every tab" [ref=e94]
- button "Block 3rd-party trackers from Google, Facebook, and others" [ref=e95]
- button "Delete all tabs, history, and browsing data in one click" [ref=e96]
- heading "Block most ads & cookie pop-ups for fewer interruptions." [level=3, ref=e38]
- button "Stop ads following you everywhere" [ref=e97]
- button "Block annoying cookie pop-ups" [ref=e98]
- button "Block ads on YouTube" [ref=e99]
- heading "Data protection, not data collection." [level=3, ref=e39]
- button "Search without being tracked" [ref=e100]
- button "A simple, secure password manager" [ref=e101]
- button "Chat privately with popular AI chatbots (optional)" [ref=e102]
- heading "Don’t just take our word for it." [level=2, ref=e23]
- link "The Verge David Pierce" [ref=e40]
- link "Wired David Nield" [ref=e41]
- link "Engadget Mariella Moon" [ref=e42]
- link "CNET Zachary McAuliffe" [ref=e43]
- link "TechRadar Desire Athow" [ref=e44]
- link "Apple App Store App Store Review" [ref=e45]
- link "Apple App Store App Store Review" [ref=e46]
- link "Apple App Store App Store Review" [ref=e47]
- link "Google Play Store Google Play Review" [ref=e48]
- link "Google Play Store Google Play Review" [ref=e49]
- link "Google Play Store Google Play Review" [ref=e50]
- link "The Verge David Pierce" [ref=e51]
- link "Wired David Nield" [ref=e52]
- link "Engadget Mariella Moon" [ref=e53]
- link "CNET Zachary McAuliffe" [ref=e54]
- link "TechRadar Desire Athow" [ref=e55]
- link "Apple App Store App Store Review" [ref=e56]
- link "Apple App Store App Store Review" [ref=e57]
- link "Apple App Store App Store Review" [ref=e58]
- link "Google Play Store Google Play Review" [ref=e59]
- link "Google Play Store Google Play Review" [ref=e60]
- link "Google Play Store Google Play Review" [ref=e61]
- heading "Trusted by tens of millions worldwide!" [level=3, ref=e24]
- heading "Get our free browser today!" [level=6, ref=e25]
- link "Download DuckDuckGo Browser" [ref=e26]
- link "Download DuckDuckGo on the App Store" [ref=e27]
- link "Download DuckDuckGo on Google Play" [ref=e28]
- heading "Still have questions?" [level=3, ref=e62]
- button "What is DuckDuckGo?" [expanded=true, ref=e63]
- link "choose DuckDuckGo over Chrome and other browsers" [ref=e122]
- link "Duck.ai" [ref=e123]
- link "privacy-respecting search ads" [ref=e124]
- link "Learn more" [ref=e125]
- button "How does DuckDuckGo protect my privacy?" [expanded=false, ref=e64]
- button "Does DuckDuckGo block all trackers on websites I visit?" [expanded=false, ref=e65]
- button "How many people use DuckDuckGo?" [expanded=false, ref=e66]
- button "How does DuckDuckGo make money?" [expanded=false, ref=e67]
- button "Why use DuckDuckGo instead of Google?" [expanded=false, ref=e68]
- button "Is Incognito Mode private?" [expanded=false, ref=e69]
- button "How do DuckDuckGo Search results compare to Google's?" [expanded=false, ref=e70]
- button "Is DuckDuckGo owned by Google or any other entity?" [expanded=false, ref=e71]
- heading "Learn More" [level=4, ref=e72]
- link "About DuckDuckGo" [ref=e130]
- link "About Our Browser" [ref=e131]
- link "DuckDuckGo Subscription" [ref=e132]
- link "What’s New" [ref=e133]
- link "Compare Privacy" [ref=e134]
- link "Blog" [ref=e135]
- link "Newsletter" [ref=e136]
- link "Podcast" [ref=e137]
- heading "Other Resources" [level=4, ref=e73]
- link "Help" [ref=e138]
- link "Community" [ref=e139]
- link "Careers" [ref=e140]
- link "Privacy Policy" [ref=e141]
- link "Terms of Service" [ref=e142]
- link "Press Kit" [ref=e143]
- link "Advertise on Search" [ref=e144]
- link "Collaborations" [ref=e145]
- heading "About DuckDuckGo" [level=4, ref=e29]
- link "choose DuckDuckGo over Chrome and other browsers" [ref=e74]
- link "Duck.ai" [ref=e75]
- link "privacy-respecting search ads" [ref=e76]
- link "Mac" [ref=e77]
- link "Windows" [ref=e78]
- link "iOS" [ref=e79]
- link "Android" [ref=e80]
- link "DuckDuckGo" [ref=e81]
