navigated: https://duckduckgo.com/
title:     DuckDuckGo - Protection. Privacy. Peace of mind.
page: https://duckduckgo.com/
---
⚠ media-rich page (1 shadow-dom) — structured model is blind to these; run "cairn look --visual" for a marked screenshot
▼ Main
  main [ref=e4]
    article [ref=e5]
      generic [ref=e6]
        generic [ref=e7]
          generic [ref=e8]
            banner [ref=e9]
              generic [ref=e10]
                region [ref=e11]
                  link "Learn about DuckDuckGo" [ref=e12] (clickable)
                    generic [ref=e13]
                region [ref=e15]
                  link [ref=e16] (clickable)
                    generic [ref=e17] (inferred clickable)
                    generic "Duck.ai" [ref=e18]
                  navigation "navigation" [ref=e19]
                    list [ref=e20]
              generic [ref=e25]
                generic [ref=e26]
                  generic [ref=e27]
                    search "Search the web with DuckDuckGo" [ref=e28]
        generic [ref=e47]
          region [ref=e48]
            heading "Switch to DuckDuckGo.It’s privateand free!" [ref=e49]
            list [ref=e52]
              listitem [ref=e53]
                generic [ref=e54]
                  paragraph "Make DuckDuckGo your default search engine." [ref=e56]
                link [ref=e57] (clickable)
                  generic "Set As Default Search" [ref=e58]
              listitem [ref=e60]
                generic [ref=e61]
                  paragraph "Best Privacy" [ref=e62]
                generic [ref=e63]
                  paragraph "Get our free browser for even more privacy." [ref=e65]
                link [ref=e66] (clickable)
                  generic "Download Browser" [ref=e67]
                  generic [ref=e69] (inferred clickable)
                    img [ref=e70] (inferred clickable)
            generic [ref=e71]
              generic [ref=e72]
                paragraph "Trusted by tens of millions worldwide!" [ref=e73]
        generic [ref=e74]
          button [ref=e75] (clickable)
            generic [ref=e76] (inferred clickable)
            generic [ref=e77] (inferred clickable)
              generic "AI Settings" [ref=e78] (inferred clickable)
        generic [ref=e79]
          generic [ref=e80]
            generic [ref=e81]
              button "Scroll down to learn more" [ref=e82] (clickable)
      generic [ref=e84]
        generic [ref=e85]
          generic [ref=e86]
            generic [ref=e87]
              heading "Discover more from DuckDuckGo." [ref=e88]
              generic [ref=e89]
                generic [ref=e90]
                  button [ref=e91] (clickable)
                    img [ref=e92] (inferred clickable)
                    paragraph "Private Search" [ref=e93] (inferred clickable)
                    generic [ref=e94] (inferred clickable)
                generic [ref=e95]
                  button [ref=e96] (clickable)
                    img [ref=e97] (inferred clickable)
                    paragraph "Duck.ai" [ref=e98] (inferred clickable)
                    generic [ref=e99] (inferred clickable)
                generic [ref=e100]
                  button [ref=e101] (clickable)
                    img [ref=e102] (inferred clickable)
                    paragraph "Subscription" [ref=e103] (inferred clickable)
                    generic [ref=e104] (inferred clickable)
                generic [ref=e105]
                  button [ref=e106] (clickable)
                    img [ref=e107] (inferred clickable)
                    paragraph "Email" [ref=e108] (inferred clickable)
                    generic [ref=e109] (inferred clickable)
        main [ref=e110]
          region [ref=e111]
            generic [ref=e112]
              generic [ref=e113]
                generic [ref=e114]
                  generic [ref=e115]
                    generic [ref=e118]
                    generic [ref=e136]
          region [ref=e152]
            button [ref=e153] (clickable)
              generic [ref=e154] (inferred clickable)
                paragraph "Evade scams & data-hungry companies" [ref=e155] (inferred clickable)
                paragraph "Protection" [ref=e156] (inferred clickable)
            button [ref=e157] (clickable)
              generic [ref=e158] (inferred clickable)
                paragraph "Block most ads & cookie pop-ups" [ref=e159] (inferred clickable)
                paragraph "Privacy" [ref=e160] (inferred clickable)
            button [ref=e161] (clickable)
              generic [ref=e162] (inferred clickable)
                paragraph "Search & chat without being tracked" [ref=e163] (inferred clickable)
                paragraph "Peace of Mind" [ref=e164] (inferred clickable)
          generic [ref=e165]
            generic [ref=e166]
              heading "See how DuckDuckGo compares." [ref=e167]
              generic [ref=e168]
                tablist "Browser to compare" [ref=e169]
                  tab [ref=e170] (clickable)
                    generic "Chrome" [ref=e171] (inferred clickable)
                  tab [ref=e172] (clickable)
                    generic "Edge" [ref=e173] (inferred clickable)
                  tab [ref=e174] (clickable)
                    generic "Safari" [ref=e175] (inferred clickable)
                  tab [ref=e176] (clickable)
                    generic "Firefox" [ref=e177] (inferred clickable)
                  tab [ref=e178] (clickable)
                    generic "Brave" [ref=e179] (inferred clickable)
              generic [ref=e180]
                table [ref=e181]
                  generic [ref=e182]
                    row [ref=e183]
                  generic [ref=e189]
                    row [ref=e190]
                    row [ref=e204]
                    row [ref=e218]
                    row [ref=e232]
                    row [ref=e246]
                    row [ref=e260]
                    row [ref=e274]
                    row [ref=e288]
                    row [ref=e302]
                    row [ref=e316]
                    row [ref=e330]
                    row [ref=e344]
                generic [ref=e358]
                  generic [ref=e359]
                    generic [ref=e360]
                    generic [ref=e364]
                    generic [ref=e368]
                    generic [ref=e372]
                  paragraph "Browser comparisons were made with default settings. Inform…" [ref=e376]
                generic [ref=e377]
                  link [ref=e378] (clickable)
                    generic [ref=e379]
                    generic [ref=e381] (inferred clickable)
                  link [ref=e382] (clickable)
                    generic "Compare More Protections" [ref=e383]
                    generic [ref=e384] (inferred clickable)
            region [ref=e385]
              generic [ref=e386]
                generic [ref=e387]
                  heading "Get the browser built for data protection," [ref=e388]
                    generic "Protection." [ref=e389]
                    generic "Privacy." [ref=e390]
                    generic "Peace of mind." [ref=e391]
                    generic "not data collection." [ref=e392]
                generic [ref=e393]
                  paragraph "The DuckDuckGo browser is available on" [ref=e394]
                  generic [ref=e395]
                    link [ref=e396] (clickable)
                    link [ref=e399] (clickable)
                    link [ref=e402] (clickable)
                    link [ref=e405] (clickable)
            generic [ref=e408]
              region [ref=e409]
                region [ref=e410]
                  heading "Take back control of your personal information." [ref=e414]
                  paragraph "Hidden trackers lurk on 85% of popular websites. We activel…" [ref=e415]
                  generic [ref=e416]
                    generic [ref=e417]
                    generic [ref=e422]
                    generic [ref=e427]
                region [ref=e432]
                  heading "Block most ads & cookie pop-ups for fewer interruptions." [ref=e436]
                  paragraph "Our browser blocks most ads before they even appear, includ…" [ref=e437]
                  generic [ref=e438]
                    generic [ref=e439]
                    generic [ref=e444]
                    generic [ref=e449]
                region [ref=e454]
                  heading "Data protection, not data collection." [ref=e458]
                  paragraph "We believe the best way to protect your data is to stop it …" [ref=e459]
                  generic [ref=e460]
                    generic [ref=e461]
                    generic [ref=e466]
                    generic [ref=e471]
            region [ref=e476]
              heading "Don’t just take our word for it." [ref=e477]
              generic [ref=e478]
                generic [ref=e479]
                  generic [ref=e480]
                    link [ref=e481] (clickable)
                  generic [ref=e488]
                    link [ref=e489] (clickable)
                  generic [ref=e496]
                    link [ref=e497] (clickable)
                  generic [ref=e504]
                    link [ref=e505] (clickable)
                  generic [ref=e512]
                    link [ref=e513] (clickable)
                  generic [ref=e521]
                    link [ref=e522] (clickable)
                  generic [ref=e527]
                    link [ref=e528] (clickable)
                  generic [ref=e533]
                    link [ref=e534] (clickable)
                  generic [ref=e539]
                    link [ref=e540] (clickable)
                  generic [ref=e545]
                    link [ref=e546] (clickable)
                  generic [ref=e551]
                    link [ref=e552] (clickable)
                  generic [ref=e557]
                    link [ref=e558] (clickable)
                  generic [ref=e565]
                    link [ref=e566] (clickable)
                  generic [ref=e573]
                    link [ref=e574] (clickable)
                  generic [ref=e581]
                    link [ref=e582] (clickable)
                  generic [ref=e589]
                    link [ref=e590] (clickable)
                  generic [ref=e598]
                    link [ref=e599] (clickable)
                  generic [ref=e604]
                    link [ref=e605] (clickable)
                  generic [ref=e610]
                    link [ref=e611] (clickable)
                  generic [ref=e616]
                    link [ref=e617] (clickable)
                  generic [ref=e622]
                    link [ref=e623] (clickable)
                  generic [ref=e628]
                    link [ref=e629] (clickable)
            region [ref=e634]
              generic [ref=e635]
                heading "Trusted by tens of millions worldwide!" [ref=e636]
                list [ref=e637]
                  listitem [ref=e638]
                    generic "100%" [ref=e639]
                    generic "Free" [ref=e640]
                  listitem [ref=e641]
                    generic "3 Billion" [ref=e642]
                    generic "Monthly Searches" [ref=e643]
                  listitem [ref=e644]
                    generic "9 Million" [ref=e645]
                    generic "Monthly Downloads" [ref=e646]
              generic [ref=e647]
                generic [ref=e648]
                  heading "Get our free browser today!" [ref=e649]
                  generic [ref=e650]
                    link [ref=e651] (clickable)
                  generic [ref=e653]
                    generic [ref=e654]
                    generic [ref=e660]
            generic [ref=e666]
              region [ref=e668]
                generic [ref=e669]
                  heading "Still have questions?" [ref=e670]
                generic [ref=e671]
                  generic [ref=e672]
                    generic [ref=e673]
            contentinfo [ref=e790]
              generic [ref=e791]
                generic [ref=e792]
                  generic [ref=e793]
                    generic [ref=e794]
                generic [ref=e861]
                  generic [ref=e862]
                    generic [ref=e863]

---
337 interactive elements. Use "cairn click <ref>" or "cairn type <ref> <text>".
