page: https://duckduckgo.com/
---
⚠ media-rich page (1 shadow-dom) — structured model is blind to these; run "cairn look --visual" for a marked screenshot
▼ Main
  link "Learn about DuckDuckGo" [ref=e12]
  img [ref=e14] (inferred)
  link [ref=e16]
  generic [ref=e17] (inferred)
  button [ref=e23]
  generic "Menu" [ref=e24] (inferred)
  combobox "Search with DuckDuckGo" [ref=e32]
  button "Clear search input" [ref=e34]
  listbox "suggestions" [ref=e38]
  option "typescript" [ref=e39]
  generic [ref=e40] (inferred)
  generic [ref=e41] (inferred)
  generic [ref=e42] (inferred)
  generic [ref=e43] (inferred)
  generic "typescript" [ref=e44] (inferred)
  option "typescript playground" [ref=e45]
  generic [ref=e46] (inferred)
  generic [ref=e47] (inferred)
  generic [ref=e48] (inferred)
  generic "playground" [ref=e49] (inferred)
  generic "typescript" [ref=e50] (inferred)
  option "typescript 7" [ref=e51]
  generic [ref=e52] (inferred)
  generic [ref=e53] (inferred)
  generic [ref=e54] (inferred)
  generic "7" [ref=e55] (inferred)
  generic "typescript" [ref=e56] (inferred)
  option "typescript tutorial" [ref=e57]
  generic [ref=e58] (inferred)
  generic [ref=e59] (inferred)
  generic [ref=e60] (inferred)
  generic "tutorial" [ref=e61] (inferred)
  generic "typescript" [ref=e62] (inferred)
  option "typescript map" [ref=e63]
  generic [ref=e64] (inferred)
  generic [ref=e65] (inferred)
  generic [ref=e66] (inferred)
  generic "map" [ref=e67] (inferred)
  generic "typescript" [ref=e68] (inferred)
  option "typescript enum" [ref=e69]
  generic [ref=e70] (inferred)
  generic [ref=e71] (inferred)
  generic [ref=e72] (inferred)
  generic "enum" [ref=e73] (inferred)
  generic "typescript" [ref=e74] (inferred)
  option "typescript version" [ref=e75]
  generic [ref=e76] (inferred)
  generic [ref=e77] (inferred)
  generic [ref=e78] (inferred)
  generic "version" [ref=e79] (inferred)
  generic "typescript" [ref=e80] (inferred)
  button [ref=e83]
  generic [ref=e84] (inferred)
  button [ref=e88]
  generic "Search" [ref=e90] (inferred)
  generic [ref=e92]
  label [ref=e95]
  generic "Search" [ref=e97] (inferred)
  button "Search" [ref=e98]
  label [ref=e99]
  generic "Ask AI" [ref=e101] (inferred)
  button "Ask AI" [ref=e102]
  link [ref=e114]
  link [ref=e123]
  generic [ref=e126] (inferred)
  img [ref=e127] (inferred)
  button [ref=e132]
  generic [ref=e133] (inferred)
  generic [ref=e134] (inferred)
  generic "AI Settings" [ref=e135] (inferred)
  button "Scroll down to learn more" [ref=e139]
  button [ref=e148]
  img [ref=e149] (inferred)
  paragraph "Private Search" [ref=e150] (inferred)
  generic [ref=e151] (inferred)
  button [ref=e153]
  img [ref=e154] (inferred)
  paragraph "Duck.ai" [ref=e155] (inferred)
  generic [ref=e156] (inferred)
  button [ref=e158]
  img [ref=e159] (inferred)
  paragraph "Subscription" [ref=e160] (inferred)
  generic [ref=e161] (inferred)
  button [ref=e163]
  img [ref=e164] (inferred)
  paragraph "Email" [ref=e165] (inferred)
  generic [ref=e166] (inferred)
  link [ref=e197]
  generic "Download DuckDuckGo for Windows" [ref=e199] (inferred)
  generic [ref=e200] (inferred)
  img [ref=e201] (inferred)
  link "Download from Microsoft Store" [ref=e206]
  img "Download from Microsoft Store" [ref=e207] (inferred)
  button [ref=e210]
  generic [ref=e211] (inferred)
  paragraph "Evade scams & data-hungry companies" [ref=e212] (inferred)
  paragraph "Protection" [ref=e213] (inferred)
  button [ref=e214]
  generic [ref=e215] (inferred)
  paragraph "Block most ads & cookie pop-ups" [ref=e216] (inferred)
  paragraph "Privacy" [ref=e217] (inferred)
  button [ref=e218]
  generic [ref=e219] (inferred)
  paragraph "Search & chat without being tracked" [ref=e220] (inferred)
  paragraph "Peace of Mind" [ref=e221] (inferred)
  tab [ref=e227]
  generic "Chrome" [ref=e228] (inferred)
  tab [ref=e229]
  generic "Edge" [ref=e230] (inferred)
  tab [ref=e231]
  generic "Safari" [ref=e232] (inferred)
  tab [ref=e233]
  generic "Firefox" [ref=e234] (inferred)
  tab [ref=e235]
  generic "Brave" [ref=e236] (inferred)
  generic [ref=e249]
  generic [ref=e263]
  generic [ref=e277]
  generic [ref=e291]
  generic [ref=e305]
  generic [ref=e319]
  generic [ref=e333]
  generic [ref=e347]
  generic [ref=e361]
  generic [ref=e375]
  generic [ref=e385]
  generic [ref=e389]
  generic [ref=e399]
  generic [ref=e403]
  generic [ref=e413]
  link [ref=e435]
  generic "Download DuckDuckGo for Windows" [ref=e437] (inferred)
  generic [ref=e438] (inferred)
  link [ref=e439]
  generic [ref=e441] (inferred)
  link [ref=e453]
  generic [ref=e454] (inferred)
  link [ref=e456]
  generic [ref=e457] (inferred)
  link [ref=e459]
  generic [ref=e460] (inferred)
  link [ref=e462]
  generic [ref=e463] (inferred)
  button [ref=e475]
  img [ref=e476] (inferred)
  paragraph "Goodbye Incognito mode, hello real privacy in eve…" [ref=e477] (inferred)
  generic [ref=e478] (inferred)
  button [ref=e480]
  img [ref=e481] (inferred)
  paragraph "Block 3rd-party trackers from Google, Facebook, a…" [ref=e482] (inferred)
  generic [ref=e483] (inferred)
  button [ref=e485]
  img [ref=e486] (inferred)
  paragraph "Delete all tabs, history, and browsing data in on…" [ref=e487] (inferred)
  generic [ref=e488] (inferred)
  button [ref=e497]
  img [ref=e498] (inferred)
  paragraph "Stop ads following you everywhere" [ref=e499] (inferred)
  generic [ref=e500] (inferred)
  button [ref=e502]
  img [ref=e503] (inferred)
  paragraph "Block annoying cookie pop-ups" [ref=e504] (inferred)
  generic [ref=e505] (inferred)
  button [ref=e507]
  img [ref=e508] (inferred)
  paragraph "Block ads on YouTube" [ref=e509] (inferred)
  generic [ref=e510] (inferred)
  button [ref=e519]
  img [ref=e520] (inferred)
  paragraph "Search without being tracked" [ref=e521] (inferred)
  generic [ref=e522] (inferred)
  button [ref=e524]
  img [ref=e525] (inferred)
  paragraph "A simple, secure password manager" [ref=e526] (inferred)
  generic [ref=e527] (inferred)
  button [ref=e529]
  img [ref=e530] (inferred)
  paragraph "Chat privately with popular AI chatbots (optional)" [ref=e531] (inferred)
  generic [ref=e532] (inferred)
  link [ref=e538]
  img "The Verge" [ref=e540] (inferred)
  generic "a solid cross-platform browser that really can ke…" [ref=e541] (inferred)
  generic [ref=e542] (inferred)
  img [ref=e543] (inferred)
  paragraph "David Pierce" [ref=e544] (inferred)
  link [ref=e546]
  img "Wired" [ref=e548] (inferred)
  generic "you're getting maximum protection with minimal ef…" [ref=e549] (inferred)
  generic [ref=e550] (inferred)
  img [ref=e551] (inferred)
  paragraph "David Nield" [ref=e552] (inferred)
  link [ref=e554]
  img "Engadget" [ref=e556] (inferred)
  generic "easy and quick to import passwords and bookmarks …" [ref=e557] (inferred)
  generic [ref=e558] (inferred)
  img [ref=e559] (inferred)
  paragraph "Mariella Moon" [ref=e560] (inferred)
  link [ref=e562]
  img "CNET" [ref=e564] (inferred)
  generic "frees up bandwidth and lets websites load faster." [ref=e565] (inferred)
  generic [ref=e566] (inferred)
  img [ref=e567] (inferred)
  paragraph "Zachary McAuliffe" [ref=e568] (inferred)
  link [ref=e570]
  img "TechRadar" [ref=e572] (inferred)
  generic "DuckDuckGo is a" [ref=e573] (inferred)
  generic "must-try" [ref=e574] (inferred)
  generic [ref=e575] (inferred)
  img [ref=e576] (inferred)
  paragraph "Desire Athow" [ref=e577] (inferred)
  link [ref=e579]
  img "Apple App Store" [ref=e580] (inferred)
  generic "the most intuitive, well laid out, and quick brow…" [ref=e581] (inferred)
  generic [ref=e582] (inferred)
  paragraph "App Store Review" [ref=e583] (inferred)
  link [ref=e585]
  img "Apple App Store" [ref=e586] (inferred)
  generic "absolutely love this browser, and cannot imagine …" [ref=e587] (inferred)
  generic [ref=e588] (inferred)
  paragraph "App Store Review" [ref=e589] (inferred)
  link [ref=e591]
  img "Apple App Store" [ref=e592] (inferred)
  generic "I find it faster than Safari, Chrome, and Firefox…" [ref=e593] (inferred)
  generic [ref=e594] (inferred)
  paragraph "App Store Review" [ref=e595] (inferred)
  link [ref=e597]
  img "Google Play Store" [ref=e598] (inferred)
  generic "Gives me just the peace of mind that I need." [ref=e599] (inferred)
  generic [ref=e600] (inferred)
  paragraph "Google Play Review" [ref=e601] (inferred)
  link [ref=e603]
  img "Google Play Store" [ref=e604] (inferred)
  generic "it keeps my personal and browsing data away from …" [ref=e605] (inferred)
  generic [ref=e606] (inferred)
  paragraph "Google Play Review" [ref=e607] (inferred)
  link [ref=e609]
  img "Google Play Store" [ref=e610] (inferred)
  generic "Pretty much all you could ask for in a browser." [ref=e611] (inferred)
  generic [ref=e612] (inferred)
  paragraph "Google Play Review" [ref=e613] (inferred)
  link [ref=e615]
  img "The Verge" [ref=e617] (inferred)
  generic "a solid cross-platform browser that really can ke…" [ref=e618] (inferred)
  generic [ref=e619] (inferred)
  img [ref=e620] (inferred)
  paragraph "David Pierce" [ref=e621] (inferred)
  link [ref=e623]
  img "Wired" [ref=e625] (inferred)
  generic "you're getting maximum protection with minimal ef…" [ref=e626] (inferred)
  generic [ref=e627] (inferred)
  img [ref=e628] (inferred)
  paragraph "David Nield" [ref=e629] (inferred)
  link [ref=e631]
  img "Engadget" [ref=e633] (inferred)
  generic "easy and quick to import passwords and bookmarks …" [ref=e634] (inferred)
  generic [ref=e635] (inferred)
  img [ref=e636] (inferred)
  paragraph "Mariella Moon" [ref=e637] (inferred)
  link [ref=e639]
  img "CNET" [ref=e641] (inferred)
  generic "frees up bandwidth and lets websites load faster." [ref=e642] (inferred)
  generic [ref=e643] (inferred)
  img [ref=e644] (inferred)
  paragraph "Zachary McAuliffe" [ref=e645] (inferred)
  link [ref=e647]
  img "TechRadar" [ref=e649] (inferred)
  generic "DuckDuckGo is a" [ref=e650] (inferred)
  generic "must-try" [ref=e651] (inferred)
  generic [ref=e652] (inferred)
  img [ref=e653] (inferred)
  paragraph "Desire Athow" [ref=e654] (inferred)
  link [ref=e656]
  img "Apple App Store" [ref=e657] (inferred)
  generic "the most intuitive, well laid out, and quick brow…" [ref=e658] (inferred)
  generic [ref=e659] (inferred)
  paragraph "App Store Review" [ref=e660] (inferred)
  link [ref=e662]
  img "Apple App Store" [ref=e663] (inferred)
  generic "absolutely love this browser, and cannot imagine …" [ref=e664] (inferred)
  generic [ref=e665] (inferred)
  paragraph "App Store Review" [ref=e666] (inferred)
  link [ref=e668]
  img "Apple App Store" [ref=e669] (inferred)
  generic "I find it faster than Safari, Chrome, and Firefox…" [ref=e670] (inferred)
  generic [ref=e671] (inferred)
  paragraph "App Store Review" [ref=e672] (inferred)
  link [ref=e674]
  img "Google Play Store" [ref=e675] (inferred)
  generic "Gives me just the peace of mind that I need." [ref=e676] (inferred)
  generic [ref=e677] (inferred)
  paragraph "Google Play Review" [ref=e678] (inferred)
  link [ref=e680]
  img "Google Play Store" [ref=e681] (inferred)
  generic "it keeps my personal and browsing data away from …" [ref=e682] (inferred)
  generic [ref=e683] (inferred)
  paragraph "Google Play Review" [ref=e684] (inferred)
  link [ref=e686]
  img "Google Play Store" [ref=e687] (inferred)
  generic "Pretty much all you could ask for in a browser." [ref=e688] (inferred)
  generic [ref=e689] (inferred)
  paragraph "Google Play Review" [ref=e690] (inferred)
  link [ref=e708]
  link "Download DuckDuckGo on the App Store" [ref=e712]
  link "Download DuckDuckGo on Google Play" [ref=e718]
  button [ref=e732]
  generic "What is DuckDuckGo?" [ref=e734] (inferred)
  link "choose DuckDuckGo over Chrome and other browsers" [ref=e738]
  link "Duck.ai" [ref=e739]
  link "privacy-respecting search ads" [ref=e740]
  link "Learn more" [ref=e741]
  button [ref=e743]
  generic "How does DuckDuckGo protect my privacy?" [ref=e745] (inferred)
  link "browsers" [ref=e751]
  link "extensions" [ref=e752]
  link "tracker blocking" [ref=e753]
  link "increased encryption" [ref=e754]
  link "email protection" [ref=e755]
  link "DuckDuckGo subscribers" [ref=e756]
  link "VPN" [ref=e757]
  link "Duck.ai" [ref=e758]
  link "Personal Information Removal" [ref=e759]
  link "Identity Theft Restoration" [ref=e760]
  link "Learn more" [ref=e761]
  button [ref=e763]
  generic "Does DuckDuckGo block all trackers on websites I …" [ref=e765] (inferred)
  link "never tracks you" [ref=e770]
  link "web tracking protections" [ref=e771]
  link "3rd-Party Tracker Loading Protection" [ref=e773]
  link "Global Privacy Control" [ref=e774]
  link "Link Tracking Protection" [ref=e775]
  link "CNAME Cloaking Protection" [ref=e776]
  link "Google AMP Protection" [ref=e777]
  link "more" [ref=e778]
  link "list of trackers" [ref=e779]
  link "list of exceptions" [ref=e780]
  link "Learn more" [ref=e781]
  button [ref=e783]
  generic "How many people use DuckDuckGo?" [ref=e785] (inferred)
  link "holds the #2 position in mobile search market sha…" [ref=e789]
  button [ref=e791]
  generic "How does DuckDuckGo make money?" [ref=e793] (inferred)
  link "Privacy Policy" [ref=e797]
  link "DuckDuckGo subscription" [ref=e798]
  link "Learn more" [ref=e799]
  button [ref=e801]
  generic "Why use DuckDuckGo instead of Google?" [ref=e803] (inferred)
  link "privacy-respecting search ads" [ref=e810]
  link "You’re not alone" [ref=e813]
  link "automatically blocking cookie pop-ups" [ref=e815]
  link "web tracking protections" [ref=e816]
  button [ref=e821]
  generic "Is Incognito Mode private?" [ref=e823] (inferred)
  link "Learn more" [ref=e827]
  button [ref=e829]
  generic "How do DuckDuckGo Search results compare to Googl…" [ref=e831] (inferred)
  link "bonus features" [ref=e835]
  link "always improving" [ref=e836]
  link "Learn more" [ref=e837]
  button [ref=e839]
  generic "Is DuckDuckGo owned by Google or any other entity?" [ref=e841] (inferred)
  link "Learn more" [ref=e846]
  link "About DuckDuckGo" [ref=e858]
  link "About Our Browser" [ref=e861]
  link "DuckDuckGo Subscription" [ref=e864]
  link "What’s New" [ref=e867]
  link "Compare Privacy" [ref=e870]
  link "Blog" [ref=e873]
  link "Newsletter" [ref=e876]
  link "Podcast" [ref=e879]
  link "Help" [ref=e885]
  link "Community" [ref=e888]
  link "Careers" [ref=e891]
  link "Privacy Policy" [ref=e894]
  link "Terms of Service" [ref=e897]
  link "Press Kit" [ref=e900]
  link "Advertise on Search" [ref=e903]
  link "Collaborations" [ref=e906]
  link "choose DuckDuckGo over Chrome and other browsers" [ref=e911]
  link "Duck.ai" [ref=e912]
  link "privacy-respecting search ads" [ref=e913]
  link "Mac" [ref=e914]
  link "Windows" [ref=e915]
  link "iOS" [ref=e916]
  link "Android" [ref=e917]
  link "DuckDuckGo" [ref=e923]

---
385 interactive elements. Use "cairn click <ref>" or "cairn type <ref> <text>".
