navigated: https://www.wikipedia.org/
title:     Wikipedia
page: https://www.wikipedia.org/
---
▼ Main
  main [ref=e2]
    generic [ref=e3]
      heading [ref=e5]
        generic "Wikipedia" [ref=e6]
        generic "The Free Encyclopedia" [ref=e7]
    navigation "Top languages" [ref=e8]
      generic [ref=e9]
        link "English — Wikipedia — The Free Encyclopedia" [ref=e10] (clickable)
          generic "English" [ref=e11] (inferred clickable)
          generic "7,189,000+" [ref=e12] (inferred clickable)
            generic "articles" [ref=e13] (inferred clickable)
      generic [ref=e14]
        link "Nihongo — ウィキペディア — フリー百科事典" [ref=e15] (clickable)
          generic "日本語" [ref=e16] (inferred clickable)
          generic "1,503,000+" [ref=e17] (inferred clickable)
            generic "記事" [ref=e18] (inferred clickable)
      generic [ref=e19]
        link "Deutsch — Wikipedia — Die freie Enzyklopädie" [ref=e20] (clickable)
          generic "Deutsch" [ref=e21] (inferred clickable)
          generic "3.125.000+" [ref=e22] (inferred clickable)
            generic "Artikel" [ref=e23] (inferred clickable)
      generic [ref=e24]
        link "Russkiy — Википедия — Свободная энциклопедия" [ref=e25] (clickable)
          generic "Русский" [ref=e26] (inferred clickable)
          generic "2 103 000+" [ref=e27] (inferred clickable)
            generic "статей" [ref=e28] (inferred clickable)
      generic [ref=e29]
        link "Français — Wikipédia — L’encyclopédie libre" [ref=e30] (clickable)
          generic "Français" [ref=e31] (inferred clickable)
          generic "2 761 000+" [ref=e32] (inferred clickable)
            generic "articles" [ref=e33] (inferred clickable)
      generic [ref=e34]
        link "Español — Wikipedia — La enciclopedia libre" [ref=e35] (clickable)
          generic "Español" [ref=e36] (inferred clickable)
          generic "2.116.000+" [ref=e37] (inferred clickable)
            generic "artículos" [ref=e38] (inferred clickable)
      generic [ref=e39]
        link "Zhōngwén — 维基百科 / 維基百科 — 自由的百科全书 / 自由的百科全書" [ref=e40] (clickable)
          generic "中文" [ref=e41] (inferred clickable)
          generic "1,537,000+" [ref=e42] (inferred clickable)
            generic "条目 / 條目" [ref=e43] (inferred clickable)
      generic [ref=e44]
        link "Italiano — Wikipedia — L'enciclopedia libera" [ref=e45] (clickable)
          generic "Italiano" [ref=e46] (inferred clickable)
          generic "1.971.000+" [ref=e47] (inferred clickable)
            generic "voci" [ref=e48] (inferred clickable)
      generic [ref=e49]
        link "Polski — Wikipedia — Wolna encyklopedia" [ref=e50] (clickable)
          generic "Polski" [ref=e51] (inferred clickable)
          generic "1 696 000+" [ref=e52] (inferred clickable)
            generic "haseł" [ref=e53] (inferred clickable)
      generic [ref=e54]
        link "Português — Wikipédia — A Enciclopédia Livre" [ref=e55] (clickable)
          generic "Português" [ref=e56] (inferred clickable)
          generic "1.173.000+" [ref=e57] (inferred clickable)
            generic "artigos" [ref=e58] (inferred clickable)
    search [ref=e59]
      form [ref=e60]
        group [ref=e61] (clickable)
          generic [ref=e62]
            label "Search Wikipedia" [ref=e63] (clickable)
            searchbox "Search Wikipedia" [ref=e64] (clickable)
            generic [ref=e65]
              generic [ref=e66]
                label "en" [ref=e67] (clickable)
                combobox "en" [ref=e68]
                  option "Afrikaans" [ref=e69]
                  option "Shqip" [ref=e70]
                  option "العربية" [ref=e71]
                  option "Asturianu" [ref=e72]
                  option "Azərbaycanca" [ref=e73]
                  option "Български" [ref=e74]
                  option "閩南語 / Bân-lâm-gú" [ref=e75]
                  option "বাংলা" [ref=e76]
                  option "Беларуская" [ref=e77]
                  option "Català" [ref=e78]
                  option "Čeština" [ref=e79]
                  option "Cymraeg" [ref=e80]
                  option "Dansk" [ref=e81]
                  option "Deutsch" [ref=e82]
                  option "Eesti" [ref=e83]
                  option "Ελληνικά" [ref=e84]
                  option "English" [ref=e85]
                  option "Español" [ref=e86]
                  option "Esperanto" [ref=e87]
                  option "Euskara" [ref=e88]
                  option "فارسی" [ref=e89]
                  option "Français" [ref=e90]
                  option "Galego" [ref=e91]
                  option "한국어" [ref=e92]
                  option "Hausa" [ref=e93]
                  option "Հայերեն" [ref=e94]
                  option "हिन्दी" [ref=e95]
                  option "Hrvatski" [ref=e96]
                  option "Bahasa Indonesia" [ref=e97]
                  option "Italiano" [ref=e98]
                  option "עברית" [ref=e99]
                  option "ქართული" [ref=e100]
                  option "Ladin" [ref=e101]
                  option "Latina" [ref=e102]
                  option "Latviešu" [ref=e103]
                  option "Lietuvių" [ref=e104]
                  option "Magyar" [ref=e105]
                  option "Македонски" [ref=e106]
                  option "Malagasy" [ref=e107]
                  option "मराठी" [ref=e108]
                  option "مصرى" [ref=e109]
                  option "Bahasa Melayu" [ref=e110]
                  option "Bahaso Minangkabau" [ref=e111]
                  option "မြန်မာဘာသာ" [ref=e112]
                  option "Nederlands" [ref=e113]
                  option "日本語" [ref=e114]
                  option "Norsk (bokmål)" [ref=e115]
                  option "Norsk (nynorsk)" [ref=e116]
                  option "Нохчийн" [ref=e117]
                  option "Oʻzbekcha / Ўзбекча" [ref=e118]
                  option "Polski" [ref=e119]
                  option "Português" [ref=e120]
                  option "Қазақша / Qazaqşa / قازاقشا" [ref=e121]
                  option "Română" [ref=e122]
                  option "Simple English" [ref=e123]
                  option "Sinugboanong Binisaya" [ref=e124]
                  option "Slovenčina" [ref=e125]
                  option "Slovenščina" [ref=e126]
                  option "Српски / Srpski" [ref=e127]
                  option "Srpskohrvatski / Српскохрватски" [ref=e128]
                  option "Suomi" [ref=e129]
                  option "Svenska" [ref=e130]
                  option "Kiswahili" [ref=e131]
                  option "தமிழ்" [ref=e132]
                  option "Татарча / Tatarça" [ref=e133]
                  option "తెలుగు" [ref=e134]
                  option "ภาษาไทย" [ref=e135]
                  option "Тоҷикӣ" [ref=e136]
                  option "تۆرکجه" [ref=e137]
                  option "Türkçe" [ref=e138]
                  option "Українська" [ref=e139]
                  option "اردو" [ref=e140]
                  option "Tiếng Việt" [ref=e141]
                  option "Winaray" [ref=e142]
                  option "中文" [ref=e143]
                  option "Русский" [ref=e144]
                  option "粵語" [ref=e145]
          button [ref=e148] (clickable)
            generic "Search" [ref=e149] (inferred clickable)
    navigation "All languages" [ref=e150]
      generic [ref=e151]
        button [ref=e152] (clickable)
          generic [ref=e153] (inferred clickable)
          generic "Read Wikipedia in your language" [ref=e154] (inferred clickable)
          generic [ref=e155] (inferred clickable)

▼ Footer
  contentinfo [ref=e158]
    generic [ref=e159]
      generic [ref=e160]
        generic "Wikipedia is hosted by the Wikimedia Foundation, a non-prof…" [ref=e162]
        generic [ref=e163]
          link [ref=e164] (clickable)
            generic "You can support our work with a donation." [ref=e165] (inferred clickable)
    generic [ref=e166]
      generic [ref=e167]
        generic [ref=e168]
          generic [ref=e170]
            link "Download Wikipedia for Android or iOS" [ref=e171] (clickable)
          paragraph "Save your favorite articles to read offline, sync your read…" [ref=e172]
          list [ref=e173]
            listitem [ref=e174]
              link [ref=e175] (clickable)
                generic "Google Play Store" [ref=e176] (inferred clickable)
            listitem [ref=e177]
              link [ref=e178] (clickable)
                generic "Apple App Store" [ref=e179] (inferred clickable)
    navigation "Other projects" [ref=e180]
      generic [ref=e181]
        link [ref=e182] (clickable)
          generic [ref=e183] (inferred clickable)
            generic [ref=e184] (inferred clickable)
          generic [ref=e185] (inferred clickable)
            generic "Commons" [ref=e186] (inferred clickable)
            generic "Free media collection" [ref=e187] (inferred clickable)
      generic [ref=e188]
        link [ref=e189] (clickable)
          generic [ref=e190] (inferred clickable)
            generic [ref=e191] (inferred clickable)
          generic [ref=e192] (inferred clickable)
            generic "Wikivoyage" [ref=e193] (inferred clickable)
            generic "Free travel guide" [ref=e194] (inferred clickable)
      generic [ref=e195]
        link [ref=e196] (clickable)
          generic [ref=e197] (inferred clickable)
            generic [ref=e198] (inferred clickable)
          generic [ref=e199] (inferred clickable)
            generic "Wiktionary" [ref=e200] (inferred clickable)
            generic "Free dictionary" [ref=e201] (inferred clickable)
      generic [ref=e202]
        link [ref=e203] (clickable)
          generic [ref=e204] (inferred clickable)
            generic [ref=e205] (inferred clickable)
          generic [ref=e206] (inferred clickable)
            generic "Wikibooks" [ref=e207] (inferred clickable)
            generic "Free textbooks" [ref=e208] (inferred clickable)
      generic [ref=e209]
        link [ref=e210] (clickable)
          generic [ref=e211] (inferred clickable)
            generic [ref=e212] (inferred clickable)
          generic [ref=e213] (inferred clickable)
            generic "Wikidata" [ref=e214] (inferred clickable)
            generic "Free knowledge base" [ref=e215] (inferred clickable)
      generic [ref=e216]
        link [ref=e217] (clickable)
          generic [ref=e218] (inferred clickable)
            generic [ref=e219] (inferred clickable)
          generic [ref=e220] (inferred clickable)
            generic "Wikiversity" [ref=e221] (inferred clickable)
            generic "Free learning resources" [ref=e222] (inferred clickable)
      generic [ref=e223]
        link [ref=e224] (clickable)
          generic [ref=e225] (inferred clickable)
            generic [ref=e226] (inferred clickable)
          generic [ref=e227] (inferred clickable)
            generic "Wikiquote" [ref=e228] (inferred clickable)
            generic "Free quote compendium" [ref=e229] (inferred clickable)
      generic [ref=e230]
        link [ref=e231] (clickable)
          generic [ref=e232] (inferred clickable)
            generic [ref=e233] (inferred clickable)
          generic [ref=e234] (inferred clickable)
            generic "MediaWiki" [ref=e235] (inferred clickable)
            generic "Free & open wiki software" [ref=e236] (inferred clickable)
      generic [ref=e237]
        link [ref=e238] (clickable)
          generic [ref=e239] (inferred clickable)
            generic [ref=e240] (inferred clickable)
          generic [ref=e241] (inferred clickable)
            generic "Wikisource" [ref=e242] (inferred clickable)
            generic "Free content library" [ref=e243] (inferred clickable)
      generic [ref=e244]
        link [ref=e245] (clickable)
          generic [ref=e246] (inferred clickable)
            generic [ref=e247] (inferred clickable)
          generic [ref=e248] (inferred clickable)
            generic "Wikispecies" [ref=e249] (inferred clickable)
            generic "Free species directory" [ref=e250] (inferred clickable)
      generic [ref=e251]
        link [ref=e252] (clickable)
          generic [ref=e253] (inferred clickable)
            generic [ref=e254] (inferred clickable)
          generic [ref=e255] (inferred clickable)
            generic "Wikifunctions" [ref=e256] (inferred clickable)
            generic "Free function library" [ref=e257] (inferred clickable)
      generic [ref=e258]
        link [ref=e259] (clickable)
          generic [ref=e260] (inferred clickable)
            generic [ref=e261] (inferred clickable)
          generic [ref=e262] (inferred clickable)
            generic "Meta-Wiki" [ref=e263] (inferred clickable)
            generic "Community coordination & documentation" [ref=e264] (inferred clickable)
    paragraph [ref=e266]
      generic "This page is available under the" [ref=e267]
        link "Creative Commons Attribution-ShareAlike License" [ref=e268] (clickable)
      generic [ref=e269]
        link "Terms of Use" [ref=e270] (clickable)
      generic [ref=e271]
        link "Privacy Policy" [ref=e272] (clickable)

---
132 interactive elements. Use "cairn click <ref>" or "cairn type <ref> <text>".
