page: https://www.wikipedia.org/
---
▼ Main
  link "English — Wikipedia — The Free Encyclopedia" [ref=e10]
  generic "English" [ref=e11] (inferred)
  generic "7,189,000+" [ref=e12] (inferred)
  generic "articles" [ref=e13] (inferred)
  link "Nihongo — ウィキペディア — フリー百科事典" [ref=e15]
  generic "日本語" [ref=e16] (inferred)
  generic "1,503,000+" [ref=e17] (inferred)
  generic "記事" [ref=e18] (inferred)
  link "Deutsch — Wikipedia — Die freie Enzyklopädie" [ref=e20]
  generic "Deutsch" [ref=e21] (inferred)
  generic "3.125.000+" [ref=e22] (inferred)
  generic "Artikel" [ref=e23] (inferred)
  link "Russkiy — Википедия — Свободная энциклопедия" [ref=e25]
  generic "Русский" [ref=e26] (inferred)
  generic "2 103 000+" [ref=e27] (inferred)
  generic "статей" [ref=e28] (inferred)
  link "Français — Wikipédia — L’encyclopédie libre" [ref=e30]
  generic "Français" [ref=e31] (inferred)
  generic "2 761 000+" [ref=e32] (inferred)
  generic "articles" [ref=e33] (inferred)
  link "Español — Wikipedia — La enciclopedia libre" [ref=e35]
  generic "Español" [ref=e36] (inferred)
  generic "2.116.000+" [ref=e37] (inferred)
  generic "artículos" [ref=e38] (inferred)
  link "Zhōngwén — 维基百科 / 維基百科 — 自由的百科全书 / 自由的百科全書" [ref=e40]
  generic "中文" [ref=e41] (inferred)
  generic "1,537,000+" [ref=e42] (inferred)
  generic "条目 / 條目" [ref=e43] (inferred)
  link "Italiano — Wikipedia — L'enciclopedia libera" [ref=e45]
  generic "Italiano" [ref=e46] (inferred)
  generic "1.971.000+" [ref=e47] (inferred)
  generic "voci" [ref=e48] (inferred)
  link "Polski — Wikipedia — Wolna encyklopedia" [ref=e50]
  generic "Polski" [ref=e51] (inferred)
  generic "1 696 000+" [ref=e52] (inferred)
  generic "haseł" [ref=e53] (inferred)
  link "Português — Wikipédia — A Enciclopédia Livre" [ref=e55]
  generic "Português" [ref=e56] (inferred)
  generic "1.173.000+" [ref=e57] (inferred)
  generic "artigos" [ref=e58] (inferred)
  group [ref=e61]
  label "Search Wikipedia" [ref=e63]
  searchbox "Search Wikipedia" [ref=e64]
  label "en" [ref=e67]
  button [ref=e148]
  generic "Search" [ref=e149] (inferred)
  button [ref=e152]
  generic [ref=e153] (inferred)
  generic "Read Wikipedia in your language" [ref=e154] (inferred)
  generic [ref=e155] (inferred)
  link [ref=e164]
  generic "You can support our work with a donation." [ref=e165] (inferred)
  link "Download Wikipedia for Android or iOS" [ref=e171]
  link [ref=e175]
  generic "Google Play Store" [ref=e176] (inferred)
  link [ref=e178]
  generic "Apple App Store" [ref=e179] (inferred)
  link [ref=e182]
  generic [ref=e183] (inferred)
  generic [ref=e184] (inferred)
  generic [ref=e185] (inferred)
  generic "Commons" [ref=e186] (inferred)
  generic "Free media collection" [ref=e187] (inferred)
  link [ref=e189]
  generic [ref=e190] (inferred)
  generic [ref=e191] (inferred)
  generic [ref=e192] (inferred)
  generic "Wikivoyage" [ref=e193] (inferred)
  generic "Free travel guide" [ref=e194] (inferred)
  link [ref=e196]
  generic [ref=e197] (inferred)
  generic [ref=e198] (inferred)
  generic [ref=e199] (inferred)
  generic "Wiktionary" [ref=e200] (inferred)
  generic "Free dictionary" [ref=e201] (inferred)
  link [ref=e203]
  generic [ref=e204] (inferred)
  generic [ref=e205] (inferred)
  generic [ref=e206] (inferred)
  generic "Wikibooks" [ref=e207] (inferred)
  generic "Free textbooks" [ref=e208] (inferred)
  link [ref=e210]
  generic [ref=e211] (inferred)
  generic [ref=e212] (inferred)
  generic [ref=e213] (inferred)
  generic "Wikidata" [ref=e214] (inferred)
  generic "Free knowledge base" [ref=e215] (inferred)
  link [ref=e217]
  generic [ref=e218] (inferred)
  generic [ref=e219] (inferred)
  generic [ref=e220] (inferred)
  generic "Wikiversity" [ref=e221] (inferred)
  generic "Free learning resources" [ref=e222] (inferred)
  link [ref=e224]
  generic [ref=e225] (inferred)
  generic [ref=e226] (inferred)
  generic [ref=e227] (inferred)
  generic "Wikiquote" [ref=e228] (inferred)
  generic "Free quote compendium" [ref=e229] (inferred)
  link [ref=e231]
  generic [ref=e232] (inferred)
  generic [ref=e233] (inferred)
  generic [ref=e234] (inferred)
  generic "MediaWiki" [ref=e235] (inferred)
  generic "Free & open wiki software" [ref=e236] (inferred)
  link [ref=e238]
  generic [ref=e239] (inferred)
  generic [ref=e240] (inferred)
  generic [ref=e241] (inferred)
  generic "Wikisource" [ref=e242] (inferred)
  generic "Free content library" [ref=e243] (inferred)
  link [ref=e245]
  generic [ref=e246] (inferred)
  generic [ref=e247] (inferred)
  generic [ref=e248] (inferred)
  generic "Wikispecies" [ref=e249] (inferred)
  generic "Free species directory" [ref=e250] (inferred)
  link [ref=e252]
  generic [ref=e253] (inferred)
  generic [ref=e254] (inferred)
  generic [ref=e255] (inferred)
  generic "Wikifunctions" [ref=e256] (inferred)
  generic "Free function library" [ref=e257] (inferred)
  link [ref=e259]
  generic [ref=e260] (inferred)
  generic [ref=e261] (inferred)
  generic [ref=e262] (inferred)
  generic "Meta-Wiki" [ref=e263] (inferred)
  generic "Community coordination & documentation" [ref=e264] (inferred)
  link "Creative Commons Attribution-ShareAlike License" [ref=e268]
  link "Terms of Use" [ref=e270]
  link "Privacy Policy" [ref=e272]

---
132 interactive elements. Use "cairn click <ref>" or "cairn type <ref> <text>".
